Drydock 0.1.8  Copyright (c) 2026 Web Cloud Studio. All rights reserved.
Next: drydock build ReadingList

Blueprint: ReadingList
Target: /mnt/c/Users/barlo/projects/drydock/uat/ReadingList/runs/20260810.215216/workspace/targets/ReadingList
Rows: <state> <type>  <Name>  [<id>]   — pass [<id>] to --step

Block: Build Block 1 · Foundational  [block-1]   — 0/3 stories done
  [pending] story  Define the Flask application boundary and module ownership.  [architecture]  <- next
  [pending] story  Define local SQLite persistence for books.  [database]  <- next
  [pending] story  Define shared interaction patterns for the reading-list interface.  [ui-general]  <- next

Block: Build Block 2 · Service  [block-2]   — 0/4 stories done
  [pending] story  Store a submitted book with its title and author.  [add-book]
  [pending] story  Remove a selected book from the reading list.  [remove-book]
  [pending] story  Retrieve books in insertion order.  [list-books]
  [pending] story  Reject book submissions with an empty title or author.  [validate-book]

Block: Build Block 3 · Service  [block-3]   — 0/1 stories done
  [pending] story  Present the reading-list entry point and available book actions.  [reading-list-screen]

Block: Build Block 4 · Service  [block-4]   — 0/1 stories done
  [pending] story  Provide the complete POSIX automated test runner.  [verification]

Steps: 9 total — 0 done, 0 in review, 9 pending, 0 blocked by questions, 0 failed (0% complete)
Buildable now: block-1
Build score evidence: none
