Drydock 0.1.8  Copyright (c) 2026 Web Cloud Studio. All rights reserved.
Next: drydock build ReadingList

Blueprint: ReadingList
Target: /mnt/c/Users/barlo/projects/drydock/uat/ReadingList/runs/20260810.215216/workspace/targets/ReadingList
Rows: <state> <type>  <Name>  [<id>]   — pass [<id>] to --step

Block: Build Block 1 · Foundational  [block-1]   — 3/3 stories done
  [done]    story  Define the Flask application boundary and module ownership.  [architecture]
  [done]    story  Define local SQLite persistence for books.  [database]
  [done]    story  Define shared interaction patterns for the reading-list interface.  [ui-general]

Block: Build Block 2 · Service  [block-2]   — 4/4 stories done
  [done]    story  Store a submitted book with its title and author.  [add-book]
  [done]    story  Remove a selected book from the reading list.  [remove-book]
  [done]    story  Retrieve books in insertion order.  [list-books]
  [done]    story  Reject book submissions with an empty title or author.  [validate-book]

Block: Build Block 3 · Service  [block-3]   — 1/1 stories done
  [done]    story  Present the reading-list entry point and available book actions.  [reading-list-screen]

Block: Build Block 4 · Service  [block-4]   — 1/1 stories done
  [done]    story  Provide the complete POSIX automated test runner.  [verification]

Block: Build Block 5 · Feature  [block-5]   — 0/4 stories done
  [pending] story  Add the route and application behavior for marking a selected book as read.  [mark-read-route]  <- next
  [pending] story  Add persisted read state per book, the corresponding BookStore operations, and migration handling for existing rows.  [mark-read-schema]  <- next
  [pending] story  Add automated coverage for persisted read state, marking books read, and rendering read and unread states.  [mark-read-verification]  <- next
  [pending] story  Display each book's unread or read state and provide the mark-read control.  [mark-read-view]  <- next

Steps: 13 total — 9 done, 0 in review, 4 pending, 0 blocked by questions, 0 failed (69% complete)
Buildable now: block-5
Build score evidence: none
