Drydock 0.1.8  Copyright (c) 2026 Web Cloud Studio. All rights reserved.

Acceptance verification: ReadingList  (2026-08-10T22:07:38+00:00)
  PASS 0   FAIL 26   UNVERIFIED 0   (26 AC)

  ✗ FAIL        application-factory          architecture         ARCHITECTURE.md
        intent: The application factory creates a testable Flask application.
        unverified acceptance: acceptance environment unavailable: Target Python project has no .venv

  ✗ FAIL        root-route                   architecture         ARCHITECTURE.md
        intent: The application boundary exposes the reading-list entry route.
        unverified acceptance: acceptance environment unavailable: Target Python project has no .venv

  ✗ FAIL        local-boundary               architecture         ARCHITECTURE.md
        intent: The application can be configured with a local database path.
        unverified acceptance: acceptance environment unavailable: Target Python project has no .venv

  ✗ FAIL        persistence-interface        database             DATABASE.md
        intent: The persistence boundary stores and reads a book through its public interface.
        unverified acceptance: acceptance environment unavailable: Target Python project has no .venv

  ✗ FAIL        insertion-order              database             DATABASE.md
        intent: The persistence interface returns books in insertion order.
        unverified acceptance: acceptance environment unavailable: Target Python project has no .venv

  ✗ FAIL        removal                      database             DATABASE.md
        intent: Removing a stored book makes it absent from a subsequent read.
        unverified acceptance: acceptance environment unavailable: Target Python project has no .venv

  ✗ FAIL        add-route                    add-book             FEATURE-Add-Book.md
        intent: The add route accepts a valid title and author.
        unverified acceptance: acceptance environment unavailable: Target Python project has no .venv

  ✗ FAIL        add-round-trip               add-book             FEATURE-Add-Book.md
        intent: A successful add is visible through the public list route.
        unverified acceptance: acceptance environment unavailable: Target Python project has no .venv

  ✗ FAIL        add-requires-both-fields     add-book             FEATURE-Add-Book.md
        intent: A valid add creates a record containing both required fields.
        unverified acceptance: acceptance environment unavailable: Target Python project has no .venv

  ✗ FAIL        removes-selected-book        remove-book          FEATURE-Remove-Book.md
        intent: A selected book is absent after removal.
        unverified acceptance: acceptance environment unavailable: Target Python project has no .venv

  ✗ FAIL        preserves-other-books        remove-book          FEATURE-Remove-Book.md
        intent: Removing one book does not remove other books.
        unverified acceptance: acceptance environment unavailable: Target Python project has no .venv

  ✗ FAIL        unknown-book-removal         remove-book          FEATURE-Remove-Book.md
        intent: Removing an unknown book does not create or alter a book.
        unverified acceptance: acceptance environment unavailable: Target Python project has no .venv

  ✗ FAIL        list-route                   list-books           FEATURE-List-Books.md
        intent: The list route is reachable and returns an empty collection for a new store.
        unverified acceptance: acceptance environment unavailable: Target Python project has no .venv

  ✗ FAIL        list-round-trip              list-books           FEATURE-List-Books.md
        intent: The list route returns books persisted through the add workflow.
        unverified acceptance: acceptance environment unavailable: Target Python project has no .venv

  ✗ FAIL        list-preserves-order         list-books           FEATURE-List-Books.md
        intent: The route preserves insertion order independently of request order.
        unverified acceptance: acceptance environment unavailable: Target Python project has no .venv

  ✗ FAIL        rejects-empty-title          validate-book        FEATURE-Validate-Book.md
        intent: An empty title is rejected before persistence.
        unverified acceptance: acceptance environment unavailable: Target Python project has no .venv

  ✗ FAIL        rejects-empty-author         validate-book        FEATURE-Validate-Book.md
        intent: An empty author is rejected before persistence.
        unverified acceptance: acceptance environment unavailable: Target Python project has no .venv

  ✗ FAIL        accepts-complete-submission  validate-book        FEATURE-Validate-Book.md
        intent: A submission with a non-empty title and author is not rejected by validation.
        unverified acceptance: acceptance environment unavailable: Target Python project has no .venv

  ✗ FAIL        renders-empty-list           reading-list-screen  SCREEN-Reading-List.md
        intent: The primary entry point is reachable and renders the empty-list state.
        unverified acceptance: acceptance environment unavailable: Target Python project has no .venv

  ✗ FAIL        renders-added-book           reading-list-screen  SCREEN-Reading-List.md
        intent: A book added through the user workflow appears on the primary screen.
        unverified acceptance: acceptance environment unavailable: Target Python project has no .venv

  ✗ FAIL        submits-book-form            reading-list-screen  SCREEN-Reading-List.md
        intent: The screen's add interaction calls the declared creation route.
        unverified acceptance: acceptance environment unavailable: Target Python project has no .venv

  ✗ FAIL        submits-remove-control       reading-list-screen  SCREEN-Reading-List.md
        intent: The screen's remove interaction calls the declared removal route.
        unverified acceptance: acceptance environment unavailable: Target Python project has no .venv

  ✗ FAIL        renders-validation-error     reading-list-screen  SCREEN-Reading-List.md
        intent: An invalid screen submission returns to a state containing a user-facing error.
        unverified acceptance: acceptance environment unavailable: Target Python project has no .venv

  ✗ FAIL        complete-suite-run           verification         FEATURE-Verification.md
        intent: The complete automated test suite passes through the required POSIX runner.
        unverified acceptance: acceptance environment unavailable: Target Python project has no .venv

  ✗ FAIL        runner-is-posix-invocable    verification         FEATURE-Verification.md
        intent: The runner can be invoked from the application root using POSIX `sh`.
        unverified acceptance: acceptance environment unavailable: Target Python project has no .venv

  ✗ FAIL        suite-covers-book-behaviors  verification         FEATURE-Verification.md
        intent: The test suite contains executable coverage for each required book behavior.
        unverified acceptance: acceptance environment unavailable: Target Python project has no .venv


Soundings: /mnt/c/Users/barlo/projects/drydock/uat/ReadingList/runs/20260810.215216/workspace/targets/ReadingList/SOUNDINGS.md
