Drydock 0.1.8  Copyright (c) 2026 Web Cloud Studio. All rights reserved.

Release score: 54/100
  specification_completeness    100
  implementation_coverage       100
  test_coverage                   0   BELOW GATE
  documentation_coverage         80
  blueprint_drift               100
  build_quality                   0   BELOW GATE
  acceptance_criteria_coverage    0   BELOW GATE
Release gate: ReadingList  INCOMPLETE
Scorecard: /mnt/c/Users/barlo/projects/drydock/uat/ReadingList/runs/20260810.215216/workspace/targets/ReadingList/SCORECARD.md
Evidence: /mnt/c/Users/barlo/projects/drydock/uat/ReadingList/runs/20260810.215216/workspace/targets/ReadingList/evidence/score-release.json
  BLOCKER: Build directory has uncommitted changes
  BLOCKER: Technical score 54 is below 80
  BLOCKER: Technical dimensions below 60: test_coverage, build_quality, acceptance_criteria_coverage
  BLOCKER: Required Sea Trial st-001 is FAIL
  BLOCKER: Required Sea Trial st-002 is FAIL
  BLOCKER: Required Sea Trial st-003 is FAIL
  BLOCKER: Required Sea Trial st-004 is FAIL
  BLOCKER: Required Sea Trial st-005 is FAIL
  BLOCKER: Required Sea Trial st-006 is FAIL
  ATTESTATION REQUIRED: Guardrail st-008 is UNPROVEN (criterion st-008 has no supplied evidence): The application shall never transmit a reader's list to a third-party service.
