Drydock 0.1.8  Copyright (c) 2026 Web Cloud Studio. All rights reserved.
Next: (no actionable steps — all done or blocked)

Blueprint: ReadingList
Target: /mnt/c/Users/barlo/projects/drydock/uat/ReadingList/runs/20260814.135425/workspace/targets/ReadingList
Rows: <state> <type>  <Name>  [<id>]   — pass [<id>] to --step

Block: Build Block 1 · Foundational  [block-1]   — 1/1 stories done
  [done]    story  Establish the ReadingList application architecture and web entry point.  [architecture]

Block: Build Block 2 · Foundational  [block-2]   — 1/1 stories done
  [done]    story  Provide SQLite persistence for books and read status.  [database]

Block: Build Block 3 · Service  [block-3]   — 1/1 stories done
  [done]    story  Add valid books to the reading list.  [reading-list-add]

Block: Build Block 4 · Service  [block-4]   — 1/1 stories done
  [done]    story  Reject incomplete book submissions with a clear error.  [reading-list-validation]

Block: Build Block 5 · Service  [block-5]   — 1/1 stories done
  [done]    story  Preserve addition order and display unread/read status.  [reading-list-order-status]

Block: Build Block 6 · Service  [block-6]   — 1/1 stories done
  [done]    story  Remove a book from the reading list.  [reading-list-remove]

Block: Build Block 7 · Service  [block-7]   — 1/1 stories done
  [done]    story  Mark a book as read and persist its status.  [reading-list-read]

Block: Build Block 8 · Service  [block-8]   — 1/1 stories done
  [done]    story  Present the reading-list entry screen and current books.  [reading-list-screen]

Block: Build Block 9 · Service  [block-9]   — 1/1 stories done
  [done]    story  Provide focused automated coverage for reading-list behaviors.  [automated-verification]

Block: Build Block 10 · Service  [block-10]   — 1/1 stories done
  [done]    story  Run the complete automated suite from the application root.  [complete-test-command]

Steps: 10 total — 10 done, 0 in review, 0 pending, 0 blocked by questions, 0 failed (100% complete)
Buildable now: (none)
Build score evidence: none
