Drydock 0.1.8  Copyright (c) 2026 Web Cloud Studio. All rights reserved.
Next: drydock build ReadingList

Blueprint: ReadingList
Target: /mnt/c/Users/barlo/projects/drydock/uat/ReadingList/runs/20260815.171255/workspace/targets/ReadingList
Rows: <state> <type>  <Name>  [<id>]   — pass [<id>] to --step

Block: Build Block 1 · Foundational  [block-1]   — 0/1 stories done
  [pending] story  Establish the Flask application architecture and module boundaries.  [architecture]  <- next

Block: Build Block 2 · Foundational  [block-2]   — 0/1 stories done
  [pending] story  Establish SQLite persistence for ordered books.  [database]

Block: Build Block 3 · Foundational  [block-3]   — 0/1 stories done
  [pending] story  Define shared presentation patterns for the reading-list interface.  [ui-general]

Block: Build Block 4 · Service  [block-4]   — 0/1 stories done
  [pending] story  Add and persist a book submitted with a title and author.  [book-creation]

Block: Build Block 5 · Service  [block-5]   — 0/1 stories done
  [pending] story  Render books in their insertion order with an empty-list state.  [ordered-list]

Block: Build Block 6 · Service  [block-6]   — 0/1 stories done
  [pending] story  Remove a selected book from the reading list.  [book-removal]

Block: Build Block 7 · Service  [block-7]   — 0/1 stories done
  [pending] story  Reject submissions missing a title or author with a clear error.  [incomplete-submission]

Block: Build Block 8 · Service  [block-8]   — 0/1 stories done
  [pending] story  Assemble the reader-facing form, ordered list, empty state, and removal controls.  [reading-list-screen]

Block: Build Block 9 · Service  [block-9]   — 0/1 stories done
  [pending] story  Run and verify the complete automated test suite through bin/test.sh.  [verification-suite]

Steps: 9 total — 0 done, 0 in review, 9 pending, 0 blocked by questions, 0 failed (0% complete)
Buildable now: block-1
Build score evidence: none
